// Jest Snapshot v1, https://goo.gl/fbAQLP

exports[`Testing the calculator Calculator is rendered 1`] = `
<section
  className="calculator"
>
  <h1
    className="intro"
  >
    Lets do some Math
  </h1>
  <div
    className="calc"
  >
    <input
      className="calc-input"
      disabled={true}
      placeholder={0}
      type="text"
      value="0"
    />
    <div
      className="btn-contain"
    >
      <div
        className="btn-div"
      >
        <button
          className="btn"
          onClick={[Function]}
          type="button"
        >
          AC
        </button>
      </div>
      <div
        className="btn-div"
      >
        <button
          className="btn"
          onClick={[Function]}
          type="button"
        >
          +/-
        </button>
      </div>
      <div
        className="btn-div"
      >
        <button
          className="btn"
          onClick={[Function]}
          type="button"
        >
          %
        </button>
      </div>
      <div
        className="btn-div"
      >
        <button
          className="btn"
          onClick={[Function]}
          type="button"
        >
          รท
        </button>
      </div>
      <div
        className="btn-div"
      >
        <button
          className="btn"
          onClick={[Function]}
          type="button"
        >
          7
        </button>
      </div>
      <div
        className="btn-div"
      >
        <button
          className="btn"
          onClick={[Function]}
          type="button"
        >
          8
        </button>
      </div>
      <div
        className="btn-div"
      >
        <button
          className="btn"
          onClick={[Function]}
          type="button"
        >
          9
        </button>
      </div>
      <div
        className="btn-div"
      >
        <button
          className="btn"
          onClick={[Function]}
          type="button"
        >
          x
        </button>
      </div>
      <div
        className="btn-div"
      >
        <button
          className="btn"
          onClick={[Function]}
          type="button"
        >
          4
        </button>
      </div>
      <div
        className="btn-div"
      >
        <button
          className="btn"
          onClick={[Function]}
          type="button"
        >
          5
        </button>
      </div>
      <div
        className="btn-div"
      >
        <button
          className="btn"
          onClick={[Function]}
          type="button"
        >
          6
        </button>
      </div>
      <div
        className="btn-div"
      >
        <button
          className="btn"
          onClick={[Function]}
          type="button"
        >
          -
        </button>
      </div>
      <div
        className="btn-div"
      >
        <button
          className="btn"
          onClick={[Function]}
          type="button"
        >
          1
        </button>
      </div>
      <div
        className="btn-div"
      >
        <button
          className="btn"
          onClick={[Function]}
          type="button"
        >
          2
        </button>
      </div>
      <div
        className="btn-div"
      >
        <button
          className="btn"
          onClick={[Function]}
          type="button"
        >
          3
        </button>
      </div>
      <div
        className="btn-div"
      >
        <button
          className="btn"
          onClick={[Function]}
          type="button"
        >
          +
        </button>
      </div>
      <div
        className="btn-div"
      >
        <button
          className="btn"
          onClick={[Function]}
          type="button"
        >
          0
        </button>
      </div>
      <div
        className="btn-div"
      >
        <button
          className="btn"
          onClick={[Function]}
          type="button"
        >
          .
        </button>
      </div>
      <div
        className="btn-div"
      >
        <button
          className="btn"
          onClick={[Function]}
          type="button"
        >
          =
        </button>
      </div>
    </div>
  </div>
</section>
`;
